// Jest Snapshot v1, https://goo.gl/fbAQLP

exports[`CustomDialog component should render CustomDialog component 1`] = `ShallowWrapper {}`;
