// Jest Snapshot v1, https://goo.gl/fbAQLP

exports[`Search Box component should render Search Box 1`] = `ShallowWrapper {}`;
