// Jest Snapshot v1, https://goo.gl/fbAQLP

exports[`CustomTabs component should render CustomTabs component 1`] = `ShallowWrapper {}`;
