// Jest Snapshot v1, https://goo.gl/fbAQLP

exports[`AnchorButton component should render AnchorButton 1`] = `ShallowWrapper {}`;
