// Jest Snapshot v1, https://goo.gl/fbAQLP

exports[`Comment component should render Comment component 1`] = `ShallowWrapper {}`;
