// Jest Snapshot v1, https://goo.gl/fbAQLP

exports[`Conversation component should render Conversation component 1`] = `ShallowWrapper {}`;
