// Jest Snapshot v1, https://goo.gl/fbAQLP

exports[`Media mosaic component should render media mosaic component 1`] = `ShallowWrapper {}`;
