// Jest Snapshot v1, https://goo.gl/fbAQLP

exports[`Notifications dropdown component should render notifications dropdown 1`] = `ShallowWrapper {}`;
